[demos.creative-tim.com/argon-dashboard-pro/pages/dashboards/landing.html]
[demos.creative-tim.com/argon-dashboard-pro/assets/img/apple-icon.png]
[demos.creative-tim.com/argon-dashboard-pro/assets/img/favicon.png]
[backblue.gif]
[fade.gif]
[index.html]
[s3.amazonaws.com/creativetim_bucket/products/137/original/argon-dashboard-pro.jpg]
[demos.creative-tim.com/argon-dashboard-pro/assets/css/nucleo-icons.css]
[demos.creative-tim.com/argon-dashboard-pro/assets/css/nucleo-svg.css]
[kit.fontawesome.com/42d5adcbca.js]
[demos.creative-tim.com/argon-dashboard-pro/assets/css/argon-dashboard.min9c7f.css]
[www.google-analytics.com/analytics.js]
[demos.creative-tim.com/argon-dashboard-pro/pages/dashboards/default.html]
[demos.creative-tim.com/argon-dashboard-pro/assets/img/logo-ct.png]
[demos.creative-tim.com/argon-dashboard-pro/pages/dashboards/landing-2.html]
[demos.creative-tim.com/argon-dashboard-pro/pages/dashboards/automotive.html]
[demos.creative-tim.com/argon-dashboard-pro/pages/dashboards/smart-home.html]
[demos.creative-tim.com/argon-dashboard-pro/pages/dashboards/vr/vr-default.html]
[demos.creative-tim.com/argon-dashboard-pro/pages/dashboards/vr/vr-info.html]
[demos.creative-tim.com/argon-dashboard-pro/pages/dashboards/crm.html]
[demos.creative-tim.com/argon-dashboard-pro/pages/dashboards/default-2.html]
[demos.creative-tim.com/argon-dashboard-pro/assets/img/default.jpg]
[demos.creative-tim.com/argon-dashboard-pro/assets/img/automotive.jpg]
[demos.creative-tim.com/argon-dashboard-pro/assets/img/crm.jpg]
[demos.creative-tim.com/argon-dashboard-pro/assets/js/core/popper.min.js]
[demos.creative-tim.com/argon-dashboard-pro/assets/js/core/bootstrap.min.js]
[demos.creative-tim.com/argon-dashboard-pro/assets/js/plugins/perfect-scrollbar.min.js]
[demos.creative-tim.com/argon-dashboard-pro/assets/js/plugins/smooth-scrollbar.min.js]
[demos.creative-tim.com/argon-dashboard-pro/assets/js/plugins/dragula/dragula.min.js]
[demos.creative-tim.com/argon-dashboard-pro/assets/js/plugins/jkanban/jkanban.js]
[buttons.github.io/buttons.js]
[demos.creative-tim.com/argon-dashboard-pro/assets/js/argon-dashboard.min9c7f.js]
[demos.creative-tim.com/argon-dashboard-pro/pages/dashboards/landing.html]
[demos.creative-tim.com/argon-dashboard-pro/assets/css/nucleo-icons.css]
[demos.creative-tim.com/argon-dashboard-pro/assets/css/nucleo-svg.css]
[demos.creative-tim.com/argon-dashboard-pro/assets/css/images/layers.png]
[demos.creative-tim.com/argon-dashboard-pro/assets/css/images/layers-2x.png]
[demos.creative-tim.com/argon-dashboard-pro/assets/css/images/marker-icon.png]
[demos.creative-tim.com/argon-dashboard-pro/assets/css/argon-dashboard.min9c7f.css]
[www.googletagmanager.com/gtm5445.html]
[demos.creative-tim.com/argon-dashboard-pro/assets/img/logo-ct-dark.png]
[demos.creative-tim.com/argon-dashboard-pro/assets/img/team-2.jpg]
[demos.creative-tim.com/argon-dashboard-pro/assets/img/img-2.jpg]
[demos.creative-tim.com/argon-dashboard-pro/assets/img/img-1.jpg]
[demos.creative-tim.com/argon-dashboard-pro/assets/img/img-3.jpg]
[demos.creative-tim.com/argon-dashboard-pro/assets/img/team-1.jpg]
[demos.creative-tim.com/argon-dashboard-pro/assets/img/team-5.jpg]
[demos.creative-tim.com/argon-dashboard-pro/assets/img/team-4.jpg]
[raw.githubusercontent.com/creativetimofficial/public-assets/master/argon-dashboard-pro/assets/img/activity-feed.jpg]
[demos.creative-tim.com/argon-dashboard-pro/assets/img/bruce-mars.jpg]
[demos.creative-tim.com/argon-dashboard-pro/assets/img/logos/bitcoin.jpg]
[demos.creative-tim.com/argon-dashboard-pro/assets/img/icons/flags/US.png]
[demos.creative-tim.com/argon-dashboard-pro/assets/img/icons/flags/DE.png]
[demos.creative-tim.com/argon-dashboard-pro/assets/img/icons/flags/GB.png]
[demos.creative-tim.com/argon-dashboard-pro/assets/img/icons/flags/BR.png]
[demos.creative-tim.com/soft-ui-design-system-pro/assets/img/team-2.jpg]
[demos.creative-tim.com/soft-ui-design-system-pro/assets/img/team-3.jpg]
[demos.creative-tim.com/soft-ui-design-system-pro/assets/img/team-4.jpg]
[demos.creative-tim.com/cdn-cgi/scripts/5c5dd728/cloudflare-static/email-decode.min.js]
[demos.creative-tim.com/argon-dashboard-pro/pages/dashboards/default.html]
[demos.creative-tim.com/argon-dashboard-pro/pages/dashboards/landing-2.html]
[demos.creative-tim.com/argon-dashboard-pro/assets/js/plugins/chartjs.min.js]
[demos.creative-tim.com/argon-dashboard-pro/assets/img/shapes/pattern-left.png]
[demos.creative-tim.com/argon-dashboard-pro/assets/img/shapes/pattern-right.png]
[demos.creative-tim.com/argon-dashboard-pro/assets/img/tesla.png]
[demos.creative-tim.com/argon-dashboard-pro/assets/js/plugins/leaflet.js]
[demos.creative-tim.com/argon-dashboard-pro/assets/js/plugins/nouislider.min.js]
[demos.creative-tim.com/argon-dashboard-pro/pages/dashboards/automotive.html]
[raw.githubusercontent.com/creativetimofficial/public-assets/master/argon-dashboard-pro/assets/img/smart-home-1.jpg]
[raw.githubusercontent.com/creativetimofficial/public-assets/master/argon-dashboard-pro/assets/img/smart-home-2.jpg]
[raw.githubusercontent.com/creativetimofficial/public-assets/master/argon-dashboard-pro/assets/img/smart-home-3.jpg]
[demos.creative-tim.com/argon-dashboard-pro/assets/img/small-logos/icon-sun-cloud.png]
[demos.creative-tim.com/argon-dashboard-pro/assets/js/plugins/choices.min.js]
[demos.creative-tim.com/argon-dashboard-pro/assets/js/plugins/countup.min.js]
[demos.creative-tim.com/argon-dashboard-pro/assets/js/plugins/round-slider.min.js]
[demos.creative-tim.com/argon-dashboard-pro/pages/dashboards/smart-home.html]
[demos.creative-tim.com/argon-dashboard-pro/assets/img/vr-bg.jpg]
[demos.creative-tim.com/argon-dashboard-pro/pages/dashboards/vr/vr-default.html]
[demos.creative-tim.com/argon-dashboard-pro/assets/img/team-3.jpg]
[demos.creative-tim.com/argon-dashboard-pro/pages/dashboards/vr/vr-info.html]
[demos.creative-tim.com/argon-dashboard-pro/assets/img/ivancik.jpg]
[demos.creative-tim.com/argon-dashboard-pro/assets/img/kal-visuals-square.jpg]
[demos.creative-tim.com/argon-dashboard-pro/pages/dashboards/crm.html]
[demos.creative-tim.com/argon-dashboard-pro/pages/dashboards/default-2.html]
[demos.creative-tim.com/argon-dashboard-pro/assets/css/images/layers.html]
[demos.creative-tim.com/argon-dashboard-pro/assets/css/images/layers-2x.html]
[demos.creative-tim.com/argon-dashboard-pro/assets/css/images/marker-icon.html]
[demos.creative-tim.com/argon-dashboard-pro/assets/js/plugins/fullcalendar.min.js]
[{s}.basemaps.cartocdn.com/rastertiles/light_all/{z}/{x}/{y}.png]
